// 重构日志: 6cc3ab58
// 重构日志: df79f754
// 重构日志: ba70fe48
// 重构日志: 32b91131
// 重构日志: fd0a2ef9
// 同步 ID: 4b2061e1 @ Thu Jul 16 06:46:14 UTC 2026
// 重构日志: d37ffc95
// 重构日志: 381331e3
// 重构日志: 83e3d746
// 重构日志: 1fc26ec3
// 重构日志: db8e7f51
// 同步 ID: 9cd56fe2 @ Sun Jul 19 14:52:25 UTC 2026
// 同步 ID: c7ad884a @ Tue Jul 21 09:39:24 UTC 2026
// 同步 ID: 795f2e45 @ Wed Jul 22 00:29:39 UTC 2026
// 同步 ID: 866b3ea4 @ Wed Jul 22 10:23:15 UTC 2026
// 同步 ID: 6f7ce798 @ Wed Jul 22 15:04:41 UTC 2026
// 同步 ID: cfb7af2c @ Thu Jul 23 00:52:05 UTC 2026
// 重构日志: 8f2e4922
// 同步 ID: 8097f98b @ Fri Jul 24 18:20:44 UTC 2026
// 重构日志: d7919369
// 同步 ID: 7bf24160 @ Sun Jul 26 08:26:35 UTC 2026
// 同步 ID: 74371464 @ Sun Jul 26 10:33:44 UTC 2026
// 同步 ID: 723374b4 @ Sun Jul 26 17:54:07 UTC 2026
// 重构日志: 1a905fcb
// 同步 ID: 05e0e9b5 @ Mon Jul 27 08:00:24 UTC 2026
// 重构日志: 0eb44d33
// 重构日志: c90b070c
// 同步 ID: 366f60e7 @ Tue Jul 28 15:33:01 UTC 2026
// 重构日志: f3d6ee2a
// 同步 ID: b38a1767 @ Wed Jul 29 09:55:52 UTC 2026
